  1: { int x; y = -x; }
 (SCOPE (DECLARATIONS (DECLARATION x int)) (STATEMENTS (ASSIGN unknown y (UNARY int - x))))
Failed to compile
