  1: { ivec4 x; y = -x; }
(SCOPE (DECLARATIONS (DECLARATION x ivec4 ) ) (STATEMENTS (ASSIGN unknown y (UNARY ivec4 - x ) ) ) ) 
Failed to compile
