  1: { ivec2 x; y = -x; }
(SCOPE (DECLARATIONS (DECLARATION x ivec2 ) ) (STATEMENTS (ASSIGN unknown y (UNARY ivec2 - x ) ) ) ) 
Failed to compile
