  1: { vec2 x; y = -x; }
(SCOPE (DECLARATIONS (DECLARATION x vec2 ) ) (STATEMENTS (ASSIGN unknown y (UNARY vec2 - x ) ) ) ) 
Failed to compile
