SEMANTIC ERROR (line 1, column 31): Both operands are expected to have same logical type
  1: { bvec3 a; bvec4 b; c = a && b; }
 (SCOPE (DECLARATIONS (DECLARATION a bvec3) (DECLARATION b bvec4)) (STATEMENTS (ASSIGN unknown c (BINARY unknown && a b))))
Failed to compile
