SEMANTIC ERROR (line 1, column 28): Both operands are expected to have same arithmetic type
  1: { vec3 a; vec4 b; c = a + b;}
 (SCOPE (DECLARATIONS (DECLARATION a vec3 (DECLARATION b vec4))) (STATEMENTS (ASSIGN unknown c (BINARY unknown + a b))))
Failed to compile
