
LEXICAL ERROR, LINE 2: Octal numbers are not allowed.
  1: {
  2:     int i = 01234;
  3: }
INT_T type
