
LEXICAL ERROR, LINE 1: Identifier cannot start with a number
