TOKEN 258 : 32766.9

LEXICAL ERROR, LINE 2: Float out of bounds
