  1: {
  2:   int i = int(1);
  3:   float f = float(1.0);
  4:   bool b = bool(true);
  5:   vec2 f2 = vec2(1.0, 2.0);
  6:   vec3 f3 = vec3(1.0, 2.0, 3.0);
  7:   vec4 f4 = vec4(1.0, 2.0, 3.0, 4.0);
  8:   ivec2 i2 = ivec2(1, 2);
  9:   ivec3 i3 = ivec3(1, 2, 3);
 10:   ivec4 i4 = ivec4(1, 2, 3, 4);
 11:   bvec2 b2 = bvec2(true, false);
 12:   bvec3 b3 = bvec3(true, false, true);
 13:   bvec4 b4 = bvec4(true, false, true, false);
 14: }
!!ARBfp1.0
PARAM FALSE = { 0, 0, 0, 0 };
PARAM TRUE = { -1, -1, -1, -1 };
PARAM ONE = { 1, 1, 1, 1 };
TEMP _TEMP;
TEMP tempVar0;
TEMP tempVar1;
TEMP tempVar2;
TEMP tempVar3;
TEMP tempVar4;
TEMP tempVar5;
TEMP tempVar6;
TEMP tempVar7;
TEMP tempVar8;
TEMP tempVar9;
TEMP tempVar10;
TEMP tempVar11;
TEMP i;
PARAM const0 = 1;
MOV tempVar0.x, const0.x;
POW tempVar0.x, tempVar0.x, ONE.x;
MOV i,  tempVar0;
POW i.x, i.x, ONE.x;
TEMP f;
PARAM const1 = 1.000000;
MOV tempVar1.x, const1.x;
POW tempVar1.x, tempVar1.x, ONE.x;
MOV f,  tempVar1;
POW f.x, f.x, ONE.x;
TEMP b;
MOV tempVar2.x, TRUE.x;
POW tempVar2.x, tempVar2.x, ONE.x;
MOV b,  tempVar2;
POW b.x, b.x, ONE.x;
TEMP f2;
PARAM const2 = 1.000000;
PARAM const3 = 2.000000;
MOV tempVar3.x, const2.x;
MOV tempVar3.y, const3.x;
MOV f2,  tempVar3;
TEMP f3;
PARAM const4 = 1.000000;
PARAM const5 = 2.000000;
PARAM const6 = 3.000000;
MOV tempVar4.x, const4.x;
MOV tempVar4.y, const5.x;
MOV tempVar4.z, const6.x;
MOV f3,  tempVar4;
TEMP f4;
PARAM const7 = 1.000000;
PARAM const8 = 2.000000;
PARAM const9 = 3.000000;
PARAM const10 = 4.000000;
MOV tempVar5.x, const7.x;
MOV tempVar5.y, const8.x;
MOV tempVar5.z, const9.x;
MOV tempVar5.w, const10.x;
MOV f4,  tempVar5;
TEMP i2;
PARAM const11 = 1;
PARAM const12 = 2;
MOV tempVar6.x, const11.x;
MOV tempVar6.y, const12.x;
MOV i2,  tempVar6;
TEMP i3;
PARAM const13 = 1;
PARAM const14 = 2;
PARAM const15 = 3;
MOV tempVar7.x, const13.x;
MOV tempVar7.y, const14.x;
MOV tempVar7.z, const15.x;
MOV i3,  tempVar7;
TEMP i4;
PARAM const16 = 1;
PARAM const17 = 2;
PARAM const18 = 3;
PARAM const19 = 4;
MOV tempVar8.x, const16.x;
MOV tempVar8.y, const17.x;
MOV tempVar8.z, const18.x;
MOV tempVar8.w, const19.x;
MOV i4,  tempVar8;
TEMP b2;
MOV tempVar9.x, TRUE.x;
MOV tempVar9.y, FALSE.x;
MOV b2,  tempVar9;
TEMP b3;
MOV tempVar10.x, TRUE.x;
MOV tempVar10.y, FALSE.x;
MOV tempVar10.z, TRUE.x;
MOV b3,  tempVar10;
TEMP b4;
MOV tempVar11.x, TRUE.x;
MOV tempVar11.y, FALSE.x;
MOV tempVar11.z, TRUE.x;
MOV tempVar11.w, FALSE.x;
MOV b4,  tempVar11;
END
