  1: { int a; ivec2 b; c = a * b;}
 (SCOPE (DECLARATIONS (DECLARATION a int) (DECLARATION b ivec2)) (STATEMENTS (ASSIGN unknown c (BINARY ivec2 * a b))))
