  1: { bool y; bool x; y = !x; }
 (SCOPE (DECLARATIONS (DECLARATION y bool) (DECLARATION x bool)) (STATEMENTS (ASSIGN bool y (UNARY bool ! x))))
