SEMANTIC ERROR (line 1, column 17): Operand of unary operator ! is of type vec2 but expected a logical type
  1: { vec2 x; y = !x; }
 (SCOPE (DECLARATIONS (DECLARATION x vec2)) (STATEMENTS (ASSIGN unknown y (UNARY unknown ! x))))
Failed to compile
