
LEXICAL ERROR, LINE 1: String cannot span multiple lines
