  1: {
  2:     int i;
  3:     ivec4 v1;
  4:     ivec4 v2;
  5:     i = dp3(v1, v2);
  6: }
empty declarations
INT_T type
declaration (i)
declarations
IVEC4_T type
declaration (v1)
declarations
IVEC4_T type
declaration (v2)
declarations
empty statements
ID (i) variable
function_name
ID (v1) variable
variable expression
ID (v2) variable
variable expression
arguments
function
function expression
assignment statement
statements
scope
program
