  1: {
  2:     float f;
  3:     vec4 v1;
  4:     vec4 v2;
  5:     f = dp3(v1, v2);
  6: }
empty declarations
FLOAT_T type
declaration
declarations
VEC_T type
declaration
declarations
VEC_T type
declaration
declarations
empty statements
ID variable
function_name
ID variable
variable expression
ID variable
variable expression
arguments
function
function expression
assignment statement
statements
scope
program
