TOKEN 123 : {
TOKEN 258 : float
TOKEN 279 : f
TOKEN  59 : ;
TOKEN 274 : vec3
TOKEN 279 : v1
TOKEN  59 : ;
TOKEN 274 : vec3
TOKEN 279 : v2
TOKEN  59 : ;
TOKEN 279 : f
TOKEN  61 : =
TOKEN 264 : dp3
TOKEN  40 : (
TOKEN 279 : v1
TOKEN  44 : ,
TOKEN 279 : v2
TOKEN  41 : )
TOKEN  59 : ;
TOKEN 125 : }
