  1: {
  2:     float f;
  3:     float result;
  4:     result = rsq(f);
  5: }
FLOAT_T type
declaration (f)
declarations
FLOAT_T type
declaration (result)
declarations
ID (result) variable
function_name
ID (f) variable
variable expression
arguments
function
function expression
assignment statement
statements
scope
program
