  1: {
  2:     int i;
  3:     float result;
  4:     result = rsq(i);
  5: }
INT_T type
declaration (i)
declarations
FLOAT_T type
declaration (result)
declarations
ID (result) variable
function_name
ID (i) variable
variable expression
arguments
function
function expression
assignment statement
statements
scope
program
