  1: {
  2:     int i = 5;
  3:     int j = 6;
  4:     bool k;
  5:     k = i <= j;
  6: }
empty declarations
INT_T type
INT_C (5) expression
assignment declaration (i)
declarations
INT_T type
INT_C (6) expression
assignment declaration (j)
declarations
BOOL_T type
declaration (k)
declarations
empty statements
ID (k) variable
ID (i) variable
variable expression
ID (j) variable
variable expression
<= binary_op
binary_op expression
assignment statement
statements
scope
program
