  1: {
  2:     if (a) b = c;
  3:     if (true) c = d;
  4:     if (a == b) {c = !d;}
  5: }
ID (a) variable
variable expression
ID (b) variable
ID (c) variable
variable expression
assignment statement
if-then if_statement
if_statement statement
statements
TRUE_C expression
ID (c) variable
ID (d) variable
variable expression
assignment statement
if-then if_statement
if_statement statement
statements
ID (a) variable
variable expression
ID (b) variable
variable expression
== binary_op
binary_op expression
ID (c) variable
ID (d) variable
variable expression
! unary_op
unary_op expression
assignment statement
statements
scope
scope statement
if-then if_statement
if_statement statement
statements
scope
program
