  1: {
  2:     bvec2 i;
  3:     bvec2 j = bvec2(true,false);
  4:     j[0] = false;
  5: }
empty declarations
BVEC_T type
declaration
declarations
BVEC_T type
BVEC_T type
TRUE_C expression
FALSE_C expression
constructor
constructor expression
assignment declaration
declarations
empty statements
vector variable
FALSE_C expression
assignment statement
statements
scope
program
