  1: {
  2:     int i;
  3:     int j = 123;
  4:     j = 93;
  5: }
empty declarations
INT_T type
declaration
declarations
INT_T type
INT_C expression
assignment declaration
declarations
empty statements
ID variable
INT_C expression
assignment statement
statements
scope
program
