  1: {
  2:     ivec3 i;
  3:     ivec3 j = ivec3(1, 2, 3);
  4:     j[2] = 5;
  5: }
empty declarations
IVEC3_T type
declaration (i)
declarations
IVEC3_T type
IVEC3_T type
INT_C (1) expression
INT_C (2) expression
INT_C (3) expression
constructor
constructor expression
assignment declaration (j)
declarations
empty statements
vector variable (j) [2]
INT_C (5) expression
assignment statement
statements
scope
program
