  1: {
  2:     ivec2 i;
  3:     ivec2 j = ivec2(1, 3);
  4:     j[0] = 4;
  5: }
empty declarations
IVEC_T type
declaration
declarations
IVEC_T type
IVEC_T type
INT_C expression
INT_C expression
constructor
constructor expression
assignment declaration
declarations
empty statements
vector variable
INT_C expression
assignment statement
statements
scope
program
