  1: {
  2:     vec2 i;
  3:     vec2 j = vec2(1.23, 2.45);
  4:     j[0] = 3.456;
  5: }
empty declarations
VEC2_T type
declaration
declarations
VEC2_T type
VEC2_T type
FLOAT_C expression
FLOAT_C expression
constructor
constructor expression
assignment declaration
declarations
empty statements
vector variable
FLOAT_C expression
assignment statement
statements
scope
program
