  1: {
  2:     vec4 i;
  3:     vec4 j = vec4(1.23, 2.34, 3.45, 4.56);
  4:     j[3] = 6.44;
  5: }
VEC4_T type
declaration (i)
declarations
VEC4_T type
VEC4_T type
FLOAT_C (1.230000) expression
FLOAT_C (2.340000) expression
FLOAT_C (3.450000) expression
FLOAT_C (4.560000) expression
constructor
constructor expression
assignment declaration (j)
declarations
vector variable (j) [3]
FLOAT_C (6.440000) expression
assignment statement
statements
scope
program
