  1: { float a; float b; c = a == b; }
 (SCOPE (DECLARATIONS (DECLARATION a float) (DECLARATION b float)) (STATEMENTS (ASSIGN unknown c (BINARY bool == a b))))
