  1: {
  2:   int i;
  3:   {
  4:     int i;
  5:   }
  6: }
!!ARBfp1.0
PARAM FALSE = { 0, 0, 0, 0 };
PARAM TRUE = { -1, -1, -1, -1 };
PARAM ONE = { 1, 1, 1, 1 };
TEMP _TEMP;
TEMP i;
TEMP i_1;
END
