  1: {
  2:     i = -1 -2;
  3: }
empty declarations
empty statements
ID (i) variable
INT_C (1) expression
- unary_op
unary_op expression
INT_C (2) expression
- binary_op
binary_op expression
assignment statement
statements
scope
program
