TOKEN 260 : abcdefghijklmnopqrstuvwxyz012345

LEXICAL ERROR, LINE 2: Identifier exceeds maximum length of 32 characters
