TOKEN 306 : rsq
TOKEN 277 : (
TOKEN 278 : )
TOKEN 282 : ;
